******************************************************************************
                  TI ARM Linker PC v20.2.1                     
******************************************************************************
>> Linked Mon Sep 14 22:36:01 2020

OUTPUT FILE NAME:   <pwm.out>
ENTRY POINT SYMBOL: "_c_int00_noargs"  address: 00002455


MEMORY CONFIGURATION

         name            origin    length      used     unused   attr    fill
----------------------  --------  ---------  --------  --------  ----  --------
  MAIN                  00000000   00040000  00002f65  0003d09b  R  X
  INFO                  00200000   00004000  00000000  00004000  R  X
  SRAM_CODE             01000000   00010000  00000236  0000fdca  RW X
  SRAM_DATA             20000000   00010000  00000236  0000fdca  RW  


SEGMENT ALLOCATION MAP

run origin  load origin   length   init length attrs members
----------  ----------- ---------- ----------- ----- -------
00000000    00000000    00002f68   00002f68    r-x
  00000000    00000000    000000e4   000000e4    r-- .intvecs
  000000e4    000000e4    00002520   00002520    r-x .text
  00002604    00002604    00000919   00000919    r-- .const
  00002f20    00002f20    00000048   00000048    r-- .cinit
20000000    20000000    00000038   00000000    rw-
  20000000    20000000    0000001e   00000000    rw- .data
  20000020    20000020    00000018   00000000    rw- .bss
2000fe00    2000fe00    00000200   00000000    rw-
  2000fe00    2000fe00    00000200   00000000    rw- .stack


SECTION ALLOCATION MAP

 output                                  attributes/
section   page    origin      length       input sections
--------  ----  ----------  ----------   ----------------
.intvecs   0    00000000    000000e4     
                  00000000    000000e4     startup_msp432p401r_ccs.obj (.intvecs:retain)

.text      0    000000e4    00002520     
                  000000e4    00000a4e     rtsv7M4_T_le_v4SPD16_eabi.lib : _printfi.c.obj (.text:__TI_printfi)
                  00000b32    00000002     startup_msp432p401r_ccs.obj (.text:Default_Handler)
                  00000b34    00000270     rtsv7M4_T_le_v4SPD16_eabi.lib : _printfi.c.obj (.text:_pconv_a)
                  00000da4    000001d0                                   : _printfi.c.obj (.text:_pconv_g)
                  00000f74    000001b6                                   : fd_add_t2.asm.obj (.text)
                  0000112a    00000002                                   : div0.asm.obj (.text)
                  0000112c    0000013c                                   : _printfi.c.obj (.text:_pconv_e)
                  00001268    00000136                                   : fd_div_t2.asm.obj (.text)
                  0000139e    00000002     --HOLE-- [fill = 0]
                  000013a0    0000012c     oled.obj (.text:OLED_ShowChar)
                  000014cc    0000012c     pwm.obj (.text:main)
                  000015f8    00000124     rtsv7M4_T_le_v4SPD16_eabi.lib : _printfi.c.obj (.text:fcvt)
                  0000171c    00000110                                   : s_scalbn.c.obj (.text:scalbn)
                  0000182c    000000fc     pwm.obj (.text:PORT1_IRQHandler)
                  00001928    000000fc     rtsv7M4_T_le_v4SPD16_eabi.lib : fd_mul_t2.asm.obj (.text)
                  00001a24    000000b1                                   : _printfi.c.obj (.text:_ltostr)
                  00001ad5    00000001     --HOLE-- [fill = 0]
                  00001ad6    0000009c                                   : memcpy_t2.asm.obj (.text)
                  00001b72    00000096                                   : ull_div_t2.asm.obj (.text)
                  00001c08    00000086                                   : fd_cmp_t2.asm.obj (.text:__aeabi_cdcmple)
                  00001c8e    00000086                                   : fd_cmp_t2.asm.obj (.text:__aeabi_cdrcmple)
                  00001d14    0000007c     oled.obj (.text:OLED_Clear)
                  00001d90    0000007a     rtsv7M4_T_le_v4SPD16_eabi.lib : memset_t2.asm.obj (.text)
                  00001e0a    00000002     --HOLE-- [fill = 0]
                  00001e0c    00000078     system_msp432p401r.obj (.text:SystemInit)
                  00001e84    0000006e     rtsv7M4_T_le_v4SPD16_eabi.lib : _printfi.c.obj (.text:_mcpy)
                  00001ef2    0000006c     oled.obj (.text:OLED_ShowString)
                  00001f5e    00000068     rtsv7M4_T_le_v4SPD16_eabi.lib : copy_decompress_lzss.c.obj (.text:decompress:lzss:__TI_decompress_lzss)
                  00001fc6    00000064     oled.obj (.text:I2C_SendByte)
                  0000202a    00000002     --HOLE-- [fill = 0]
                  0000202c    00000064     oled.obj (.text:I2C_WaitACK)
                  00002090    00000064     rtsv7M4_T_le_v4SPD16_eabi.lib : s_frexp.c.obj (.text:frexp)
                  000020f4    00000056                                   : _printfi.c.obj (.text:_pconv_f)
                  0000214a    00000054                                   : _ltoa.c.obj (.text:__TI_ltoa)
                  0000219e    00000052                                   : _printfi.c.obj (.text:_ecpy)
                  000021f0    0000004c                                   : atoi.c.obj (.text:atoi)
                  0000223c    00000048     oled.obj (.text:GPIO_Write)
                  00002284    00000048     oled.obj (.text:OLED_SetPos)
                  000022cc    00000048     rtsv7M4_T_le_v4SPD16_eabi.lib : fd_toi_t2.asm.obj (.text)
                  00002314    00000044                                   : autoinit.c.obj (.text:__TI_auto_init_nobinit_nopinit:__TI_auto_init_nobinit_nopinit)
                  00002358    00000042     oled.obj (.text:OLED_WriteByte)
                  0000239a    00000002     --HOLE-- [fill = 0]
                  0000239c    00000040     rtsv7M4_T_le_v4SPD16_eabi.lib : sprintf.c.obj (.text:sprintf)
                  000023dc    0000003e                                   : _printfi.c.obj (.text:_fcpy)
                  0000241a    00000038                                   : fs_tod_t2.asm.obj (.text)
                  00002452    00000002     --HOLE-- [fill = 0]
                  00002454    00000034                                   : boot_cortex_m.c.obj (.text:_c_int00_noargs:_c_int00_noargs)
                  00002488    0000002e                                   : i_tofd_t2.asm.obj (.text)
                  000024b6    00000002     --HOLE-- [fill = 0]
                  000024b8    00000028     oled.obj (.text:OLED_DisplayOn)
                  000024e0    00000024     oled.obj (.text:I2C_Start)
                  00002504    00000024     oled.obj (.text:I2C_Stop)
                  00002528    0000001c     rtsv7M4_T_le_v4SPD16_eabi.lib : copy_zero_init.c.obj (.text:decompress:ZI:__TI_zero_init_nomemset:__TI_zero_init_nomemset)
                  00002544    0000001c                                   : memccpy.c.obj (.text:memccpy)
                  00002560    0000001a                                   : s_copysign.c.obj (.text:copysign)
                  0000257a    00000018                                   : sprintf.c.obj (.text:_outs)
                  00002592    00000016                                   : strchr.c.obj (.text:strchr)
                  000025a8    00000014                                   : strlen.c.obj (.text:strlen)
                  000025bc    00000012                                   : wcslen.c.obj (.text:wcslen)
                  000025ce    0000000e                                   : copy_decompress_none.c.obj (.text:decompress:none:__TI_decompress_none)
                  000025dc    0000000c     startup_msp432p401r_ccs.obj (.text:Reset_Handler)
                  000025e8    0000000a     rtsv7M4_T_le_v4SPD16_eabi.lib : sprintf.c.obj (.text:_outc)
                  000025f2    00000002     --HOLE-- [fill = 0]
                  000025f4    00000008                                   : errno.c.obj (.text:__aeabi_errno_addr)
                  000025fc    00000004                                   : pre_init.c.obj (.text:_system_pre_init)
                  00002600    00000004                                   : exit.c.obj (.text:abort:abort)

.const     0    00002604    00000919     
                  00002604    000005f0     oled.obj (.const:F8x16)
                  00002bf4    00000228     oled.obj (.const:F6x8)
                  00002e1c    00000101     rtsv7M4_T_le_v4SPD16_eabi.lib : ctype.c.obj (.const:.string:_ctypes_)

.cinit     0    00002f20    00000048     
                  00002f20    0000001e     (.cinit..data.load) [load image, compression = lzss]
                  00002f3e    00000002     --HOLE-- [fill = 0]
                  00002f40    0000000c     (__TI_handler_table)
                  00002f4c    00000004     --HOLE-- [fill = 0]
                  00002f50    00000008     (.cinit..bss.load) [load image, compression = zero_init]
                  00002f58    00000010     (__TI_cinit_table)

.init_array 
*          0    00000000    00000000     UNINITIALIZED

.binit     0    00000000    00000000     

.data      0    20000000    0000001e     UNINITIALIZED
                  20000000    00000018     pwm.obj (.data:pwmConfig)
                  20000018    00000004     rtsv7M4_T_le_v4SPD16_eabi.lib : errno.c.obj (.data)
                  2000001c    00000002     oled.obj (.data)

.bss       0    20000020    00000018     UNINITIALIZED
                  20000020    00000014     (.common:SHOW)
                  20000034    00000004     (.common:PER)

.stack     0    2000fe00    00000200     UNINITIALIZED
                  2000fe00    00000004     rtsv7M4_T_le_v4SPD16_eabi.lib : boot_cortex_m.c.obj (.stack)
                  2000fe04    000001fc     --HOLE--

__llvm_prf_cnts 
*          0    20000000    00000000     UNINITIALIZED

MODULE SUMMARY

       Module                        code   ro data   rw data
       ------                        ----   -------   -------
    .\
       oled.obj                      1054   2072      4      
       pwm.obj                       552    0         96     
       system_msp432p401r.obj        120    0         0      
    +--+-----------------------------+------+---------+---------+
       Total:                        1726   2072      100    
                                                             
    .\ccs\
       startup_msp432p401r_ccs.obj   14     228       0      
    +--+-----------------------------+------+---------+---------+
       Total:                        14     228       0      
                                                             
    C:\ti\ccs1010\ccs\tools\compiler\ti-cgt-arm_20.2.1.LTS\lib\rtsv7M4_T_le_v4SPD16_eabi.lib
       _printfi.c.obj                4851   0         0      
       fd_add_t2.asm.obj             438    0         0      
       fd_div_t2.asm.obj             310    0         0      
       s_scalbn.c.obj                272    0         0      
       fd_cmp_t2.asm.obj             268    0         0      
       ctype.c.obj                   0      257       0      
       fd_mul_t2.asm.obj             252    0         0      
       memcpy_t2.asm.obj             156    0         0      
       ull_div_t2.asm.obj            150    0         0      
       memset_t2.asm.obj             122    0         0      
       copy_decompress_lzss.c.obj    104    0         0      
       s_frexp.c.obj                 100    0         0      
       sprintf.c.obj                 98     0         0      
       _ltoa.c.obj                   84     0         0      
       atoi.c.obj                    76     0         0      
       fd_toi_t2.asm.obj             72     0         0      
       autoinit.c.obj                68     0         0      
       fs_tod_t2.asm.obj             56     0         0      
       boot_cortex_m.c.obj           52     0         0      
       i_tofd_t2.asm.obj             46     0         0      
       copy_zero_init.c.obj          28     0         0      
       memccpy.c.obj                 28     0         0      
       s_copysign.c.obj              26     0         0      
       strchr.c.obj                  22     0         0      
       strlen.c.obj                  20     0         0      
       wcslen.c.obj                  18     0         0      
       errno.c.obj                   8      0         8      
       copy_decompress_none.c.obj    14     0         0      
       exit.c.obj                    4      0         0      
       pre_init.c.obj                4      0         0      
       div0.asm.obj                  2      0         0      
    +--+-----------------------------+------+---------+---------+
       Total:                        7749   257       8      
                                                             
       Stack:                        0      0         1024   
       Linker Generated:             0      66        0      
    +--+-----------------------------+------+---------+---------+
       Grand Total:                  9489   2623      1132   


LINKER GENERATED COPY TABLES

__TI_cinit_table @ 00002f58 records: 2, size/record: 8, table size: 16
	.data: load addr=00002f20, load size=0000001e bytes, run addr=20000000, run size=0000001e bytes, compression=lzss
	.bss: load addr=00002f50, load size=00000008 bytes, run addr=20000020, run size=00000018 bytes, compression=zero_init


LINKER GENERATED HANDLER TABLE

__TI_handler_table @ 00002f40 records: 3, size/record: 4, table size: 12
	index: 0, handler: __TI_decompress_lzss
	index: 1, handler: __TI_decompress_none
	index: 2, handler: __TI_zero_init


GLOBAL SYMBOLS: SORTED ALPHABETICALLY BY Name 

address   name                          
-------   ----                          
00000b33  ADC14_IRQHandler              
00000b33  AES256_IRQHandler             
00000b33  BusFault_Handler              
00002601  C$$EXIT                       
00000b33  COMP_E0_IRQHandler            
00000b33  COMP_E1_IRQHandler            
00000b33  CS_IRQHandler                 
00000b33  DMA_ERR_IRQHandler            
00000b33  DMA_INT0_IRQHandler           
00000b33  DMA_INT1_IRQHandler           
00000b33  DMA_INT2_IRQHandler           
00000b33  DMA_INT3_IRQHandler           
00000b33  DebugMon_Handler              
00000b33  Default_Handler               
00000b33  EUSCIA0_IRQHandler            
00000b33  EUSCIA1_IRQHandler            
00000b33  EUSCIA2_IRQHandler            
00000b33  EUSCIA3_IRQHandler            
00000b33  EUSCIB0_IRQHandler            
00000b33  EUSCIB1_IRQHandler            
00000b33  EUSCIB2_IRQHandler            
00000b33  EUSCIB3_IRQHandler            
00002bf4  F6x8                          
00002604  F8x16                         
00000b33  FLCTL_IRQHandler              
00000b33  FPU_IRQHandler                
0000223d  GPIO_Write                    
00000b33  HardFault_Handler             
00001fc7  I2C_SendByte                  
000024e1  I2C_Start                     
00002505  I2C_Stop                      
0000202d  I2C_WaitACK                   
00000b33  MemManage_Handler             
00000b33  NMI_Handler                   
2000001c  OLED_CMD                      
00001d15  OLED_Clear                    
2000001d  OLED_DATA                     
000024b9  OLED_DisplayOn                
00002285  OLED_SetPos                   
000013a1  OLED_ShowChar                 
00001ef3  OLED_ShowString               
00002359  OLED_WriteByte                
00000b33  PCM_IRQHandler                
20000034  PER                           
0000182d  PORT1_IRQHandler              
0000182d  PORT1_IRQHandler              
00000b33  PORT2_IRQHandler              
00000b33  PORT3_IRQHandler              
00000b33  PORT4_IRQHandler              
00000b33  PORT5_IRQHandler              
00000b33  PORT6_IRQHandler              
00000b33  PSS_IRQHandler                
00000b33  PendSV_Handler                
00000b33  RTC_C_IRQHandler              
000025dd  Reset_Handler                 
20000020  SHOW                          
00000b33  SVC_Handler                   
00000b33  SysTick_Handler               
00001e0d  SystemInit                    
00000b33  T32_INT1_IRQHandler           
00000b33  T32_INT2_IRQHandler           
00000b33  T32_INTC_IRQHandler           
00000b33  TA0_0_IRQHandler              
00000b33  TA0_N_IRQHandler              
00000b33  TA1_0_IRQHandler              
00000b33  TA1_N_IRQHandler              
00000b33  TA2_0_IRQHandler              
00000b33  TA2_N_IRQHandler              
00000b33  TA3_0_IRQHandler              
00000b33  TA3_N_IRQHandler              
00000b33  UsageFault_Handler            
4000480c  WDTCTL_SYM                    
00000b33  WDT_A_IRQHandler              
20010000  __STACK_END                   
00000200  __STACK_SIZE                  
00002f58  __TI_CINIT_Base               
00002f68  __TI_CINIT_Limit              
00002f40  __TI_Handler_Table_Base       
00002f4c  __TI_Handler_Table_Limit      
00002315  __TI_auto_init_nobinit_nopinit
00001f5f  __TI_decompress_lzss          
000025cf  __TI_decompress_none          
0000214b  __TI_ltoa                     
ffffffff  __TI_pprof_out_hndl           
000000e5  __TI_printfi                  
ffffffff  __TI_prof_data_size           
ffffffff  __TI_prof_data_start          
00000000  __TI_static_base__            
00002529  __TI_zero_init_nomemset       
00001c09  __aeabi_cdcmpeq               
00001c09  __aeabi_cdcmple               
00001c8f  __aeabi_cdrcmple              
000022cd  __aeabi_d2iz                  
00000f7f  __aeabi_dadd                  
00001269  __aeabi_ddiv                  
00001929  __aeabi_dmul                  
00000f75  __aeabi_dsub                  
000025f5  __aeabi_errno_addr            
0000241b  __aeabi_f2d                   
00002489  __aeabi_i2d                   
0000112b  __aeabi_idiv0                 
0000112b  __aeabi_ldiv0                 
00001d91  __aeabi_memclr                
00001d91  __aeabi_memclr4               
00001d91  __aeabi_memclr8               
00001ad7  __aeabi_memcpy                
00001ad7  __aeabi_memcpy4               
00001ad7  __aeabi_memcpy8               
00001d93  __aeabi_memset                
00001d93  __aeabi_memset4               
00001d93  __aeabi_memset8               
00001b73  __aeabi_uldivmod              
ffffffff  __binit__                     
ffffffff  __c_args__                    
UNDEFED   __mpu_init                    
2000fe00  __stack                       
20000000  __start___llvm_prf_cnts       
20000000  __stop___llvm_prf_cnts        
00002455  _c_int00_noargs               
00002e1c  _ctypes_                      
UNDEFED   _system_post_cinit            
000025fd  _system_pre_init              
00002601  abort                         
000021f1  atoi                          
ffffffff  binit                         
00002561  copysign                      
00002561  copysignl                     
20000018  errno                         
00002091  frexp                         
00002091  frexpl                        
00000000  interruptVectors              
0000171d  ldexp                         
0000171d  ldexpl                        
000014cd  main                          
00002545  memccpy                       
00001ad7  memcpy                        
00001d99  memset                        
20000000  pwmConfig                     
0000171d  scalbn                        
0000171d  scalbnl                       
0000239d  sprintf                       
00002593  strchr                        
000025a9  strlen                        
000025bd  wcslen                        


GLOBAL SYMBOLS: SORTED BY Symbol Address 

address   name                          
-------   ----                          
00000000  __TI_static_base__            
00000000  interruptVectors              
000000e5  __TI_printfi                  
00000200  __STACK_SIZE                  
00000b33  ADC14_IRQHandler              
00000b33  AES256_IRQHandler             
00000b33  BusFault_Handler              
00000b33  COMP_E0_IRQHandler            
00000b33  COMP_E1_IRQHandler            
00000b33  CS_IRQHandler                 
00000b33  DMA_ERR_IRQHandler            
00000b33  DMA_INT0_IRQHandler           
00000b33  DMA_INT1_IRQHandler           
00000b33  DMA_INT2_IRQHandler           
00000b33  DMA_INT3_IRQHandler           
00000b33  DebugMon_Handler              
00000b33  Default_Handler               
00000b33  EUSCIA0_IRQHandler            
00000b33  EUSCIA1_IRQHandler            
00000b33  EUSCIA2_IRQHandler            
00000b33  EUSCIA3_IRQHandler            
00000b33  EUSCIB0_IRQHandler            
00000b33  EUSCIB1_IRQHandler            
00000b33  EUSCIB2_IRQHandler            
00000b33  EUSCIB3_IRQHandler            
00000b33  FLCTL_IRQHandler              
00000b33  FPU_IRQHandler                
00000b33  HardFault_Handler             
00000b33  MemManage_Handler             
00000b33  NMI_Handler                   
00000b33  PCM_IRQHandler                
00000b33  PORT2_IRQHandler              
00000b33  PORT3_IRQHandler              
00000b33  PORT4_IRQHandler              
00000b33  PORT5_IRQHandler              
00000b33  PORT6_IRQHandler              
00000b33  PSS_IRQHandler                
00000b33  PendSV_Handler                
00000b33  RTC_C_IRQHandler              
00000b33  SVC_Handler                   
00000b33  SysTick_Handler               
00000b33  T32_INT1_IRQHandler           
00000b33  T32_INT2_IRQHandler           
00000b33  T32_INTC_IRQHandler           
00000b33  TA0_0_IRQHandler              
00000b33  TA0_N_IRQHandler              
00000b33  TA1_0_IRQHandler              
00000b33  TA1_N_IRQHandler              
00000b33  TA2_0_IRQHandler              
00000b33  TA2_N_IRQHandler              
00000b33  TA3_0_IRQHandler              
00000b33  TA3_N_IRQHandler              
00000b33  UsageFault_Handler            
00000b33  WDT_A_IRQHandler              
00000f75  __aeabi_dsub                  
00000f7f  __aeabi_dadd                  
0000112b  __aeabi_idiv0                 
0000112b  __aeabi_ldiv0                 
00001269  __aeabi_ddiv                  
000013a1  OLED_ShowChar                 
000014cd  main                          
0000171d  ldexp                         
0000171d  ldexpl                        
0000171d  scalbn                        
0000171d  scalbnl                       
0000182d  PORT1_IRQHandler              
0000182d  PORT1_IRQHandler              
00001929  __aeabi_dmul                  
00001ad7  __aeabi_memcpy                
00001ad7  __aeabi_memcpy4               
00001ad7  __aeabi_memcpy8               
00001ad7  memcpy                        
00001b73  __aeabi_uldivmod              
00001c09  __aeabi_cdcmpeq               
00001c09  __aeabi_cdcmple               
00001c8f  __aeabi_cdrcmple              
00001d15  OLED_Clear                    
00001d91  __aeabi_memclr                
00001d91  __aeabi_memclr4               
00001d91  __aeabi_memclr8               
00001d93  __aeabi_memset                
00001d93  __aeabi_memset4               
00001d93  __aeabi_memset8               
00001d99  memset                        
00001e0d  SystemInit                    
00001ef3  OLED_ShowString               
00001f5f  __TI_decompress_lzss          
00001fc7  I2C_SendByte                  
0000202d  I2C_WaitACK                   
00002091  frexp                         
00002091  frexpl                        
0000214b  __TI_ltoa                     
000021f1  atoi                          
0000223d  GPIO_Write                    
00002285  OLED_SetPos                   
000022cd  __aeabi_d2iz                  
00002315  __TI_auto_init_nobinit_nopinit
00002359  OLED_WriteByte                
0000239d  sprintf                       
0000241b  __aeabi_f2d                   
00002455  _c_int00_noargs               
00002489  __aeabi_i2d                   
000024b9  OLED_DisplayOn                
000024e1  I2C_Start                     
00002505  I2C_Stop                      
00002529  __TI_zero_init_nomemset       
00002545  memccpy                       
00002561  copysign                      
00002561  copysignl                     
00002593  strchr                        
000025a9  strlen                        
000025bd  wcslen                        
000025cf  __TI_decompress_none          
000025dd  Reset_Handler                 
000025f5  __aeabi_errno_addr            
000025fd  _system_pre_init              
00002601  C$$EXIT                       
00002601  abort                         
00002604  F8x16                         
00002bf4  F6x8                          
00002e1c  _ctypes_                      
00002f40  __TI_Handler_Table_Base       
00002f4c  __TI_Handler_Table_Limit      
00002f58  __TI_CINIT_Base               
00002f68  __TI_CINIT_Limit              
20000000  __start___llvm_prf_cnts       
20000000  __stop___llvm_prf_cnts        
20000000  pwmConfig                     
20000018  errno                         
2000001c  OLED_CMD                      
2000001d  OLED_DATA                     
20000020  SHOW                          
20000034  PER                           
2000fe00  __stack                       
20010000  __STACK_END                   
4000480c  WDTCTL_SYM                    
ffffffff  __TI_pprof_out_hndl           
ffffffff  __TI_prof_data_size           
ffffffff  __TI_prof_data_start          
ffffffff  __binit__                     
ffffffff  __c_args__                    
ffffffff  binit                         
UNDEFED   __mpu_init                    
UNDEFED   _system_post_cinit            

[144 symbols]
